WARNING: `-Zmiri-allow-uninit-numbers` is deprecated and planned to be removed. Please let us know at <https://github.com/rust-lang/miri/issues/2187> if you rely on this flag.
error: Undefined Behavior: constructing invalid value at .<enum-tag>: encountered uninitialized bytes, but expected a valid enum tag
  --> $DIR/invalid_enum_tag_256variants_uninit.rs:LL:CC
   |
LL |     let _a = unsafe { MyUninit { init: () }.uninit };
   |                       ^^^^^^^^^^^^^^^^^^^^^^^^^^^^ constructing invalid value at .<enum-tag>: encountered uninitialized bytes, but expected a valid enum tag
   |
   = help: this indicates a bug in the program: it performed an invalid operation, and caused Undefined Behavior
   = help: see https://doc.rust-lang.org/nightly/reference/behavior-considered-undefined.html for further information
   = note: backtrace:
   = note: inside `main` at $DIR/invalid_enum_tag_256variants_uninit.rs:LL:CC

note: some details are omitted, run with `MIRIFLAGS=-Zmiri-backtrace=full` for a verbose backtrace

error: aborting due to previous error

